Tổng số câu hỏi: 119. Đã có sẵn: 60.
[61/119] Đang hỏi: Vượt đèn đỏ mém tung ngta có phạt nặng k mọi người
   ✅ Đã lưu câu trả lời (546 ký tự).
[62/119] Đang hỏi: mọi người cho mình hỏi, mình bị phạt ở ngay hầm thủ thiêm hơn 2 năm rồi, đã mất 
   ✅ Đã lưu câu trả lời (1473 ký tự).
[63/119] Đang hỏi: Xe mua cũ lâu rồi lúc mua chỉ viết giấy tay , có cavet xe nhưng người khác đứng 
   ✅ Đã lưu câu trả lời (1167 ký tự).
[64/119] Đang hỏi: em có bị phạt do chở người k đội mũ. Em có đóng phạt trên dichvucong r mà vẫn ch
   ✅ Đã lưu câu trả lời (1464 ký tự).
[65/119] Đang hỏi: Các bác cho em hỏi trc e bị sử phạt ở xã cũ chưa xác nhập bị mất tờ giấy quyết đ
   ✅ Đã lưu câu trả lời (1110 ký tự).
[66/119] Đang hỏi: T9/2019 em bị xử lý vi phạm và đã đóng phạt vào T11/2019 mà bây giờ lại hiện lỗi
   ✅ Đã lưu câu trả lời (1926 ký tự).
[67/119] Đang hỏi: AC cho e hỏi 1 chút. E bị phạt k gương tay trái từ ngày 30/4 đến ngày 09/5 đã lê
   ✅ Đã lưu câu trả lời (1092 ký tự).
[68/119] Đang hỏi: Ae cho hỏi camera AI có quét vị phạm ko gương ko ạ
   ✅ Đã lưu câu trả lời (812 ký tự).
[69/119] Đang hỏi: Xin chia sẻ chút kinh nghiệm
- e bị phạt k mũ ( quá hạn 1 năm ) ( ở xuân la-hà n
   ⏱️  Quá thời gian chờ, lưu câu trả lời hiện có (có thể chưa đầy đủ).
   ✅ Đã lưu câu trả lời (0 ký tự).
[70/119] Đang hỏi: Mọi người cho e hỏi lỗi đi ngược chiều bị lập biên bản tước bằng lái xe, khi đón
   ✅ Đã lưu câu trả lời (1046 ký tự).
[71/119] Đang hỏi: Em giao xe cho bạn đi tháo biển kiểm soát không bằng lái, gương chiếu hậu bên tr
   ✅ Đã lưu câu trả lời (1160 ký tự).
[72/119] Đang hỏi: Ae cho hỏi tí xe tên của mẹ m m bị bắt lỗi k bằng với k gương thì phạt tầm bao n
   ✅ Đã lưu câu trả lời (778 ký tự).
[73/119] Đang hỏi: Mọi người ơi cho e hỏi cho bạn mượn xe gây tai nạn thì phạt người giao xe với ng
   ✅ Đã lưu câu trả lời (1181 ký tự).
[74/119] Đang hỏi: Xe mua lâu rồi bị bắt không chính chủ , giờ lên phạt cs kêu mang cccd chủ cũ mà 
   ✅ Đã lưu câu trả lời (1881 ký tự).
[75/119] Đang hỏi: Chủ phương tiện SH này chuyển hướng vào quán trà đá vỉa hè không có tín hiệu, ng
   ✅ Đã lưu câu trả lời (1659 ký tự).
[76/119] Đang hỏi: Mng cho em hỏi tầm bao lâu có thông báo phạt nguôi trê app vậy ạ. Thấy luật để 1
   ✅ Đã lưu câu trả lời (967 ký tự).
[77/119] Đang hỏi: Em bị tạm giam xe do không đội mũ và quên mang giấy tờ - đã kí biên bản
-xe của 
   ⏱️  Quá thời gian chờ, lưu câu trả lời hiện có (có thể chưa đầy đủ).
   ✅ Đã lưu câu trả lời (0 ký tự).
[78/119] Đang hỏi: Các bác cho cháu hỏi là nay cháu bị công an bắt kh mũ và có bạn cháu kh mũ thì c
   ✅ Đã lưu câu trả lời (1036 ký tự).
[79/119] Đang hỏi: Máy bác cho em hỏi bữa em bị bắt xe máy bị giam phương tiện hiện em đã đóng phạt
   ✅ Đã lưu câu trả lời (1067 ký tự).
[80/119] Đang hỏi: các bác cho em hỏi bé nhà em chưa đủ 16 tuổi, em có mua cái xe Chaly tàu cũ, trê
   ✅ Đã lưu câu trả lời (2763 ký tự).
[81/119] Đang hỏi: Mn ơi xe đạp gắn trợ lực vào thì bao nhiêu tuổi đc đi vậy?
   ✅ Đã lưu câu trả lời (567 ký tự).
[82/119] Đang hỏi: E chưa blx bị tai nạn do tông phải ng kia đi ngược chiều 2 bên thỏa thuận tình c
   ✅ Đã lưu câu trả lời (806 ký tự).
[83/119] Đang hỏi: Chỗ em bây giờ học sinh cấp 2 chạy xe đạp điện cũng bị bắt nữa,phạt thì cao,khôn
   ✅ Đã lưu câu trả lời (1302 ký tự).
[84/119] Đang hỏi: Mọi người cho em hỏi, em điều khiển xe máy điện chưa đăng kí. Thì CSGT phạt cả v
   ✅ Đã lưu câu trả lời (1181 ký tự).
[85/119] Đang hỏi: Mấy bác cho e hỏi e bỏ cây sắt trong cốp xe rồi bị CA giao thông kiểm tra và phạ
   ✅ Đã lưu câu trả lời (1905 ký tự).
[86/119] Đang hỏi: Cho e hỏi e gây tngt bị giam xe mình tự đi lấy xe hay đợi gọi mới được lấy ạ
   ✅ Đã lưu câu trả lời (953 ký tự).
[87/119] Đang hỏi: Đêm hôm qua em đi được 1 đoạn bị hình sự rình bắt xe về đồn bị quên giấy tờ xe v
   ⏱️  Quá thời gian chờ, lưu câu trả lời hiện có (có thể chưa đầy đủ).
   ✅ Đã lưu câu trả lời (0 ký tự).
[88/119] Đang hỏi: Dạ cho e hỏi là e láy xe gặp tai nạn và e k có bằng lái nhưng e chạy đúng và xe 
   ✅ Đã lưu câu trả lời (1107 ký tự).
[89/119] Đang hỏi: M.n trong nhóm chia sẽ giúp em với ạ. Giờ em phải làm sao đây? 
Tết 2024 em có v
   ⏱️  Quá thời gian chờ, lưu câu trả lời hiện có (có thể chưa đầy đủ).
   ✅ Đã lưu câu trả lời (0 ký tự).
[90/119] Đang hỏi: Mọi người ai có văn bản tường trình để nhận lại bằng lái bị tước đó vi phạm nồng
   ✅ Đã lưu câu trả lời (2020 ký tự).
[91/119] Đang hỏi: Em bị vi phạm nồng độ cồn từ tháng 10/2024. Bị giữ GPLX 11 tháng tới tháng 9/202
   ⏱️  Quá thời gian chờ, lưu câu trả lời hiện có (có thể chưa đầy đủ).
   ✅ Đã lưu câu trả lời (0 ký tự).
[92/119] Đang hỏi: Cho e hỏi e vi phạm giao thông (đi vào làn brt) xe máy điện không giấy tờ không 
⚠️  Đã hết lượt hỏi ẩn danh trong ngày. Dừng script.
   Đã lưu 91/119 câu vào /Users/tranhuuduc/Documents/dev/Rag_Graph_LawLaw/emlaw_crawler/emlaw_qa.json
   Chạy lại script sau để tiếp tục các câu còn thiếu.

Hoàn tất. Kết quả tại: /Users/tranhuuduc/Documents/dev/Rag_Graph_LawLaw/emlaw_crawler/emlaw_qa.json
